../Core/Src/main.c:73:5:_write	24	static
../Core/Src/main.c:87:13:print_hex_inline	336	static
../Core/Src/main.c:99:13:init_cycle_counter	4	static
../Core/Src/main.c:106:6:run_all_hash_tests	320	static
../Core/Src/main.c:151:6:run_keccak_benchmarks	312	static
../Core/Src/main.c:203:5:main	16	static
../Core/Src/main.c:262:6:SystemClock_Config	88	static
../Core/Src/main.c:308:13:MX_I2C1_Init	8	static
../Core/Src/main.c:342:13:MX_I2S3_Init	8	static
../Core/Src/main.c:376:13:MX_RNG_Init	8	static
../Core/Src/main.c:402:13:MX_SPI1_Init	8	static
../Core/Src/main.c:440:13:MX_USART2_UART_Init	8	static
../Core/Src/main.c:473:13:MX_GPIO_Init	56	static
../Core/Src/main.c:574:6:Error_Handler	4	static,ignoring_inline_asm
